Reference:
1. https://docs.ansible.com/ansible/latest/installation_guide/intro_installation.html
2. Mr.Jay LaCroix

Ansible is an agentless automation tool that you install on a single host (referred to as the control node)
From the control node, Ansible can manage an entire fleet of machines and other devices (referred to as managed nodes) remotely with  SSH, Powershell remoting, and numerous other transports, all from a simple command-line interface with no databases or daemons required.

Control node requirements
For your control node (the machine that runs Ansible), you can use nearly any UNIX-like machine with Python 3.8 or newer installed.

Control node requirements:
----------------------------
 Python 3.8 or newer
 pip

Installing and upgrading Ansible
---------------------------------
Ensuring pip is available

$python3 -m pip -V

If you see an error like No module named pip, you’ll need to install pip under your chosen Python interpreter before proceeding.

$ curl https://bootstrap.pypa.io/get-pip.py -o get-pip.py
$ python3 get-pip.py --user

install ansible with python
#############################
$ python3 -m pip install --user ansible

Alternately, you can install a specific version of ansible-core in this Python environment:

$ python3 -m pip install --user ansible-core==2.12.3

Upgrading Ansible
######################
To upgrade an existing Ansible installation in this Python environment to the latest released version, simply add --upgrade to the command above:

$ python3 -m pip install --upgrade --user ansible

Installing Ansible on Fedora or CentOS
-----------------------------------------
On Fedora:

$ sudo dnf install ansible

On CentOS:

$ sudo yum install epel-release
$ sudo yum install ansible 

Installing Ansible on Ubuntu:

$ sudo apt update
$ sudo apt install software-properties-common
$ sudo add-apt-repository --yes --update ppa:ansible/ansible
$ sudo apt install ansible

Installing Ansible on Debian:
Add the following line to /etc/apt/sources.list or /etc/apt/sources.list.d/ansible.list:

deb http://ppa.launchpad.net/ansible/ansible/ubuntu MATCHING_UBUNTU_CODENAME_HERE main

$ sudo apt-key adv --keyserver keyserver.ubuntu.com --recv-keys 93C4A3FD7BB9C367
$ sudo apt update
$ sudo apt install ansible


other nodes requirements:
----------------------------
 OpeSsh

config file path in control node
----------------------------------
echo $(ANSIBLE_CONFIG)

copy public key from control to all nodes
--------------------------------------------
ssh-copy-id -i ~/.ssh/id_rsa.pub 
